{
    "Save citations outputs": {
        "content": [
            [
                "N E X T F L O W  ~  version [VERSION]",
                "Launching `[PATH]/topic-channel-citations/./main.nf` [RUN_NAME] - revision: [REVISION]",
                "nf-core-utils Plugin Topic Channel Citation E2E Test",
                "This test demonstrates automatic citation collection using:",
                "1. Runtime citation extraction via getCitation()",
                "2. Topic channel emission from processes",
                "3. Automatic aggregation and formatting",
                "4. Zero-maintenance citation management",
                "=== Collected 7 citation emissions ===",
                "Citation: [VIEW, samtools, [description:Tools for dealing with SAM, BAM and CRAM files, homepage:http://www.htslib.org/, documentation:http://www.htslib.org/doc/samtools.html, tool_dev_url:https://github.com/samtools/samtools, doi:10.1093/bioinformatics/btp352, licence:MIT]]",
                "Citation: [FASTQC, fastqc, [description:A quality control tool for high throughput sequence data., homepage:https://www.bioinformatics.babraham.ac.uk/projects/fastqc/, documentation:https://www.bioinformatics.babraham.ac.uk/projects/fastqc/Help/, tool_dev_url:https://www.bioinformatics.babraham.ac.uk/projects/fastqc/, doi:10.1093/bioinformatics/btw354, licence:GPL v3]]",
                "Citation: [MULTIQC, multiqc, [description:MultiQC searches a given directory for analysis logs and compiles a HTML report., homepage:https://multiqc.info/, documentation:https://multiqc.info/docs/, tool_dev_url:https://github.com/ewels/MultiQC, doi:10.1093/bioinformatics/btw354, licence:GPL v3]]",
                "AUTOMATIC CITATION RESULTS",
                "Citation Text:",
                "Tools used in the workflow included: samtools (DOI: 10.1093/bioinformatics/btp352), fastqc (DOI: 10.1093/bioinformatics/btw354), multiqc (DOI: 10.1093/bioinformatics/btw354).",
                "Bibliography:",
                "<li>doi: <a href='https://doi.org/10.1093/bioinformatics/btp352'>10.1093/bioinformatics/btp352</a>.</li> <li>doi: <a href='https://doi.org/10.1093/bioinformatics/btw354'>10.1093/bioinformatics/btw354</a>.</li> <li>doi: <a href='https://doi.org/10.1093/bioinformatics/btw354'>10.1093/bioinformatics/btw354</a>.</li>",
                "\u2705 Auto-generated citations written to: [PATH]/tests/[NFT_HASH]/output/",
                "\u2705 Citation text: [PATH]/tests/[NFT_HASH]/output/auto_citations.txt",
                "\u2705 Bibliography: [PATH]/tests/[NFT_HASH]/output/auto_bibliography.html",
                "Topic Channel Citation Management Test Complete!",
                "\u2705 Processes automatically emitted citations to topic channel",
                "\u2705 Citations collected and processed without manual configuration",
                "\u2705 Final citation text and bibliography generated automatically",
                "\u2705 Zero maintenance required - citations reflect actual tool usage",
                "Key Benefits Demonstrated:",
                "\u2022 No manual citation configuration needed",
                "\u2022 Only executed tools appear in citations",
                "\u2022 Automatic formatting and aggregation",
                "\u2022 Clean separation of concerns",
                "\u2022 Runtime accuracy",
                "The future of nf-core citation management! \ud83d\ude80",
                "[NXF_HASH] Submitted process > FASTQC (sample1)",
                "[NXF_HASH] Submitted process > FASTQC (sample2)",
                "[NXF_HASH] Submitted process > FASTQC (sample3)",
                "[NXF_HASH] Submitted process > MULTIQC",
                "[NXF_HASH] Submitted process > SAMTOOLS_VIEW (sample1)",
                "[NXF_HASH] Submitted process > SAMTOOLS_VIEW (sample2)",
                "[NXF_HASH] Submitted process > SAMTOOLS_VIEW (sample3)"
            ],
            [
                "auto_bibliography.html:md5,6dcb857b3a1dfadaae27b9c7ac02eed0",
                "auto_citations.txt:md5,b6f87ba7390abff3a0bc0da48443ab7b"
            ]
        ],
        "timestamp": "2026-06-23T13:55:14.013985341",
        "meta": {
            "nf-test": "0.9.5",
            "nextflow": "26.04.4"
        }
    }
}