{
    "Error output - Monochrome": {
        "content": [
            [
                "ERROR ~ ERROR ~ The `-profile` option cannot end with a trailing comma, please remove it and re-run the pipeline!",
                "HINT: A common mistake is to provide multiple values separated by spaces e.g. `-profile test, docker`."
            ]
        ],
        "meta": {
            "nf-test": "0.9.2",
            "nextflow": "25.04.6"
        },
        "timestamp": "2025-09-01T18:53:13.431098377"
    },
    "Error output - Color": {
        "content": [
            [
                "ERROR ~ ERROR ~ The `-profile` option cannot end with a trailing comma, please remove it and re-run the pipeline!",
                "HINT: A common mistake is to provide multiple values separated by spaces e.g. `-profile test, docker`."
            ]
        ],
        "meta": {
            "nf-test": "0.9.2",
            "nextflow": "25.04.6"
        },
        "timestamp": "2025-09-01T18:53:15.822989509"
    }
}