{
    "Error output - Monochrome": {
        "content": [
            [
                "N E X T F L O W  ~  version [VERSION]",
                "Launching `[PATH]/config-validation/../config-validation/error-test.nf` [RUN_NAME] DSL2 - revision: [REVISION]",
                "Pipeline is starting! \ud83d\ude80",
                "==========================================",
                "Color Formatting Error Test",
                "==========================================",
                "Testing profile with trailing comma (expected to fail)",
                "HINT: A common mistake is to provide multiple values separated by spaces e.g. `-profile test, [CONTAINER]`.",
                " -- Check script '[PATH]/config-validation/error-test.nf' at line: 24 or see '[PATH]/.nf-test/tests/[NFT_HASH]/meta/nextflow.log' file for more details",
                "ERROR ~ ERROR ~ The `-profile` option cannot end with a trailing comma, please remove it and re-run the pipeline!"
            ]
        ],
        "meta": {
            "nf-test": "0.9.2",
            "nextflow": "25.04.6"
        },
        "timestamp": "2025-09-08T17:34:53.774136373"
    },
    "Error output - Color": {
        "content": [
            [
                "N E X T F L O W  ~  version [VERSION]",
                "Launching `[PATH]/config-validation/../config-validation/error-test.nf` [RUN_NAME] DSL2 - revision: [REVISION]",
                "Pipeline is starting! \ud83d\ude80",
                "==========================================",
                "Color Formatting Error Test",
                "==========================================",
                "Testing profile with trailing comma (expected to fail)",
                "HINT: A common mistake is to provide multiple values separated by spaces e.g. `-profile test, [CONTAINER]`.",
                " -- Check script '[PATH]/config-validation/error-test.nf' at line: 24 or see '[PATH]/.nf-test/tests/[NFT_HASH]/meta/nextflow.log' file for more details",
                "ERROR ~ ERROR ~ The `-profile` option cannot end with a trailing comma, please remove it and re-run the pipeline!"
            ]
        ],
        "meta": {
            "nf-test": "0.9.2",
            "nextflow": "25.04.6"
        },
        "timestamp": "2025-09-08T17:34:55.803257593"
    }
}