{
    "conda_configuration_output": {
        "content": [
            [
                "    There is a problem with your Conda configuration!",
                "    You will need to set-up the conda-forge and bioconda channels correctly.",
                "    Please refer to https://bioconda.github.io/",
                "    [conda-forge, bioconda]",
                "    There is a problem with your Conda configuration!",
                "    You will need to set-up the conda-forge and bioconda channels correctly.",
                "    Please refer to https://bioconda.github.io/",
                "    [conda-forge, bioconda]"
            ]
        ],
        "meta": {
            "nf-test": "0.9.2",
            "nextflow": "25.04.6"
        },
        "timestamp": "2025-08-26T14:26:01.476599"
    },
    "color_integration_test": {
        "content": [
            [
                "Pipeline is starting! \ud83d\ude80",
                "Pipeline complete! \ud83d\udc4b"
            ],
            0
        ],
        "meta": {
            "nf-test": "0.9.2",
            "nextflow": "25.04.6"
        },
        "timestamp": "2025-08-26T14:25:44.018484"
    },
    "color_functionality_test": {
        "content": [
            [
                "Pipeline is starting! \ud83d\ude80",
                "Pipeline complete! \ud83d\udc4b"
            ],
            0
        ],
        "meta": {
            "nf-test": "0.9.2",
            "nextflow": "25.04.6"
        },
        "timestamp": "2025-08-26T14:25:40.781344"
    },
    "successful_completion": {
        "content": [true, 0],
        "meta": {
            "nf-test": "0.9.2",
            "nextflow": "25.04.6"
        },
        "timestamp": "2025-08-22T11:57:45.206638"
    },
    "config_validation_success": {
        "content": [
            [
                "Pipeline is starting! \ud83d\ude80",
                "Pipeline complete! \ud83d\udc4b"
            ],
            0,
            true
        ],
        "meta": {
            "nf-test": "0.9.2",
            "nextflow": "25.04.6"
        },
        "timestamp": "2025-08-22T11:57:38.299299"
    }
}
