{
    "Conda warnings": {
        "content": [
            true,
            0
        ],
        "meta": {
            "nf-test": "0.9.2",
            "nextflow": "25.04.6"
        },
        "timestamp": "2025-09-01T18:43:01.150456117"
    },
    "Conda channel configuration": {
        "content": [
            [
                
            ]
        ],
        "meta": {
            "nf-test": "0.9.2",
            "nextflow": "25.04.6"
        },
        "timestamp": "2025-09-01T18:53:24.352062965"
    },
    "Validate configuration functions": {
        "content": [
            0,
            true
        ],
        "meta": {
            "nf-test": "0.9.2",
            "nextflow": "25.04.6"
        },
        "timestamp": "2025-09-01T18:42:52.137501701"
    },
    "monochrome_logs params disabled": {
        "content": [
            0
        ],
        "meta": {
            "nf-test": "0.9.2",
            "nextflow": "25.04.6"
        },
        "timestamp": "2025-09-01T18:53:39.190207961"
    },
    "monochrome_logs params enabled": {
        "content": [
            0
        ],
        "meta": {
            "nf-test": "0.9.2",
            "nextflow": "25.04.6"
        },
        "timestamp": "2025-09-01T18:53:34.022556008"
    }
}