{
    "Validate configuration functions": {
        "content": [
            [
                "N E X T F L O W  ~  version [VERSION]",
                "Launching `[PATH]/config-validation/../config-validation/main.nf` [RUN_NAME] DSL2 - revision: [REVISION]",
                "Pipeline is starting! \ud83d\ude80",
                "==========================================",
                "Configuration Validation Test",
                "==========================================",
                "=== Testing checkConfigProvided() function ===",
                "Configuration check result: false",
                "\u2705 checkConfigProvided() executed successfully",
                "=== Testing checkProfileProvided() function ===",
                "Testing args 1: [[nextflow, run, main.nf, -profile, [CONTAINER]], [nextflow, run, main.nf, -profile, [CONTAINER]], [nextflow, run, main.nf, -profile, test,[CONTAINER]]]",
                "\u2705 Profile check completed for case 1",
                "Testing args 2: [[nextflow, run, main.nf], [nextflow, run, main.nf, -other-param]]",
                "\u2705 Profile check completed for case 2",
                "Testing args 3: [[nextflow, run, main.nf, -profile], [-profile, [CONTAINER]]]",
                "\u2705 Profile check completed for case 3",
                "=== Testing color formatting feature ===",
                "Testing monochrome output (default)",
                "\u2705 Monochrome mode test completed",
                "Testing color-enabled output",
                "\u2705 Color-enabled mode test completed",
                "Testing color formatting feature with valid profiles only",
                "\u2705 Color formatting tests completed successfully",
                "=== Testing checkCondaChannels() function ===",
                "Conda channels check result: false",
                "\u2705 checkCondaChannels() executed successfully",
                "\u26a0\ufe0f Conda channels may need configuration adjustment",
                "=== Testing integration scenario ===",
                "Simulating fetchngs pipeline initialization sequence...",
                "Conda channels status: Needs attention",
                "Configuration status: May need custom config",
                "Profile validation: Completed for typical fetchngs usage with color setting: monochrome",
                "\u2705 Integration scenario completed successfully",
                "=== Testing edge cases ===",
                "\u2705 Empty arguments handled correctly",
                "==========================================",
                "Configuration Validation Complete",
                "==========================================",
                "Configuration Validation Results",
                "==========================================",
                "\u2705 checkConfigProvided() - Pipeline configuration validation tested",
                "\u2705 checkProfileProvided() - Execution profile validation tested",
                "\u2705 Color formatting - Both monochrome and color modes tested",
                "\u2705 Error messages - Color formatting in error conditions tested",
                "\u2705 checkCondaChannels() - Conda channel validation tested",
                "\u2705 Integration scenario - Typical pipeline initialization flow tested",
                "\u2705 Edge cases - Error handling and boundary conditions tested",
                "Configuration validation functions ready for fetchngs! \ud83d\ude80",
                "==========================================",
                "Pipeline complete! \ud83d\udc4b",
                "~~~~~~~~~~~~~~~~~~~~~~~~~~~~~~~~~~~~~~~~~~~~~~~~~~~~~~~~~~~~~~~~~~~~~~~~~~~~~~",
                "    There is a problem with your Conda configuration!",
                "    You will need to set-up the [CONTAINER]-forge and bio[CONTAINER] channels correctly.",
                "    Please refer to https://bio[CONTAINER].github.io/",
                "    The observed channel order is",
                "    [defaults]",
                "    but the following channel order is required:",
                "    [[CONTAINER]-forge, bio[CONTAINER]]",
                "~~~~~~~~~~~~~~~~~~~~~~~~~~~~~~~~~~~~~~~~~~~~~~~~~~~~~~~~~~~~~~~~~~~~~~~~~~~~~~~~~~~",
                "~~~~~~~~~~~~~~~~~~~~~~~~~~~~~~~~~~~~~~~~~~~~~~~~~~~~~~~~~~~~~~~~~~~~~~~~~~~~~~",
                "    There is a problem with your Conda configuration!",
                "    You will need to set-up the [CONTAINER]-forge and bio[CONTAINER] channels correctly.",
                "    Please refer to https://bio[CONTAINER].github.io/",
                "    The observed channel order is",
                "    [defaults]",
                "    but the following channel order is required:",
                "    [[CONTAINER]-forge, bio[CONTAINER]]",
                "~~~~~~~~~~~~~~~~~~~~~~~~~~~~~~~~~~~~~~~~~~~~~~~~~~~~~~~~~~~~~~~~~~~~~~~~~~~~~~~~~~~",
                "WARN: Graphviz is required to render the execution DAG in the given format -- See http://www.graphviz.org for more info.",
                "WARN: Null arguments case: null"
            ]
        ],
        "meta": {
            "nf-test": "0.9.2",
            "nextflow": "25.04.6"
        },
        "timestamp": "2025-09-08T18:31:38.345251455"
    },
    "monochrome_logs params disabled": {
        "content": [
            [
                "N E X T F L O W  ~  version [VERSION]",
                "Launching `[PATH]/config-validation/../config-validation/main.nf` [RUN_NAME] DSL2 - revision: [REVISION]",
                "Pipeline is starting! \ud83d\ude80",
                "==========================================",
                "Configuration Validation Test",
                "==========================================",
                "=== Testing checkConfigProvided() function ===",
                "Configuration check result: false",
                "\u2705 checkConfigProvided() executed successfully",
                "=== Testing checkProfileProvided() function ===",
                "Testing args 1: [[nextflow, run, main.nf, -profile, [CONTAINER]], [nextflow, run, main.nf, -profile, [CONTAINER]], [nextflow, run, main.nf, -profile, test,[CONTAINER]]]",
                "\u2705 Profile check completed for case 1",
                "Testing args 2: [[nextflow, run, main.nf], [nextflow, run, main.nf, -other-param]]",
                "\u2705 Profile check completed for case 2",
                "Testing args 3: [[nextflow, run, main.nf, -profile], [-profile, [CONTAINER]]]",
                "\u2705 Profile check completed for case 3",
                "=== Testing color formatting feature ===",
                "Testing monochrome output (default)",
                "\u2705 Monochrome mode test completed",
                "Testing color-enabled output",
                "\u2705 Color-enabled mode test completed",
                "Testing color formatting feature with valid profiles only",
                "\u2705 Color formatting tests completed successfully",
                "=== Testing checkCondaChannels() function ===",
                "Conda channels check result: false",
                "\u2705 checkCondaChannels() executed successfully",
                "\u26a0\ufe0f Conda channels may need configuration adjustment",
                "=== Testing integration scenario ===",
                "Simulating fetchngs pipeline initialization sequence...",
                "Conda channels status: Needs attention",
                "Configuration status: May need custom config",
                "Profile validation: Completed for typical fetchngs usage with color setting: monochrome",
                "\u2705 Integration scenario completed successfully",
                "=== Testing edge cases ===",
                "\u2705 Empty arguments handled correctly",
                "==========================================",
                "Configuration Validation Complete",
                "==========================================",
                "Configuration Validation Results",
                "==========================================",
                "\u2705 checkConfigProvided() - Pipeline configuration validation tested",
                "\u2705 checkProfileProvided() - Execution profile validation tested",
                "\u2705 Color formatting - Both monochrome and color modes tested",
                "\u2705 Error messages - Color formatting in error conditions tested",
                "\u2705 checkCondaChannels() - Conda channel validation tested",
                "\u2705 Integration scenario - Typical pipeline initialization flow tested",
                "\u2705 Edge cases - Error handling and boundary conditions tested",
                "Configuration validation functions ready for fetchngs! \ud83d\ude80",
                "==========================================",
                "Pipeline complete! \ud83d\udc4b",
                "~~~~~~~~~~~~~~~~~~~~~~~~~~~~~~~~~~~~~~~~~~~~~~~~~~~~~~~~~~~~~~~~~~~~~~~~~~~~~~",
                "    There is a problem with your Conda configuration!",
                "    You will need to set-up the [CONTAINER]-forge and bio[CONTAINER] channels correctly.",
                "    Please refer to https://bio[CONTAINER].github.io/",
                "    The observed channel order is",
                "    [defaults]",
                "    but the following channel order is required:",
                "    [[CONTAINER]-forge, bio[CONTAINER]]",
                "~~~~~~~~~~~~~~~~~~~~~~~~~~~~~~~~~~~~~~~~~~~~~~~~~~~~~~~~~~~~~~~~~~~~~~~~~~~~~~~~~~~",
                "~~~~~~~~~~~~~~~~~~~~~~~~~~~~~~~~~~~~~~~~~~~~~~~~~~~~~~~~~~~~~~~~~~~~~~~~~~~~~~",
                "    There is a problem with your Conda configuration!",
                "    You will need to set-up the [CONTAINER]-forge and bio[CONTAINER] channels correctly.",
                "    Please refer to https://bio[CONTAINER].github.io/",
                "    The observed channel order is",
                "    [defaults]",
                "    but the following channel order is required:",
                "    [[CONTAINER]-forge, bio[CONTAINER]]",
                "~~~~~~~~~~~~~~~~~~~~~~~~~~~~~~~~~~~~~~~~~~~~~~~~~~~~~~~~~~~~~~~~~~~~~~~~~~~~~~~~~~~",
                "WARN: Graphviz is required to render the execution DAG in the given format -- See http://www.graphviz.org for more info.",
                "WARN: Null arguments case: null"
            ]
        ],
        "meta": {
            "nf-test": "0.9.2",
            "nextflow": "25.04.6"
        },
        "timestamp": "2025-09-08T18:31:48.853518178"
    },
    "monochrome_logs params enabled": {
        "content": [
            [
                "N E X T F L O W  ~  version [VERSION]",
                "Launching `[PATH]/config-validation/../config-validation/main.nf` [RUN_NAME] DSL2 - revision: [REVISION]",
                "Pipeline is starting! \ud83d\ude80",
                "==========================================",
                "Configuration Validation Test",
                "==========================================",
                "=== Testing checkConfigProvided() function ===",
                "Configuration check result: false",
                "\u2705 checkConfigProvided() executed successfully",
                "=== Testing checkProfileProvided() function ===",
                "Testing args 1: [[nextflow, run, main.nf, -profile, [CONTAINER]], [nextflow, run, main.nf, -profile, [CONTAINER]], [nextflow, run, main.nf, -profile, test,[CONTAINER]]]",
                "\u2705 Profile check completed for case 1",
                "Testing args 2: [[nextflow, run, main.nf], [nextflow, run, main.nf, -other-param]]",
                "\u2705 Profile check completed for case 2",
                "Testing args 3: [[nextflow, run, main.nf, -profile], [-profile, [CONTAINER]]]",
                "\u2705 Profile check completed for case 3",
                "=== Testing color formatting feature ===",
                "Testing monochrome output (default)",
                "\u2705 Monochrome mode test completed",
                "Testing color-enabled output",
                "\u2705 Color-enabled mode test completed",
                "Testing color formatting feature with valid profiles only",
                "\u2705 Color formatting tests completed successfully",
                "=== Testing checkCondaChannels() function ===",
                "Conda channels check result: false",
                "\u2705 checkCondaChannels() executed successfully",
                "\u26a0\ufe0f Conda channels may need configuration adjustment",
                "=== Testing integration scenario ===",
                "Simulating fetchngs pipeline initialization sequence...",
                "Conda channels status: Needs attention",
                "Configuration status: May need custom config",
                "Profile validation: Completed for typical fetchngs usage with color setting: true",
                "\u2705 Integration scenario completed successfully",
                "=== Testing edge cases ===",
                "\u2705 Empty arguments handled correctly",
                "==========================================",
                "Configuration Validation Complete",
                "==========================================",
                "Configuration Validation Results",
                "==========================================",
                "\u2705 checkConfigProvided() - Pipeline configuration validation tested",
                "\u2705 checkProfileProvided() - Execution profile validation tested",
                "\u2705 Color formatting - Both monochrome and color modes tested",
                "\u2705 Error messages - Color formatting in error conditions tested",
                "\u2705 checkCondaChannels() - Conda channel validation tested",
                "\u2705 Integration scenario - Typical pipeline initialization flow tested",
                "\u2705 Edge cases - Error handling and boundary conditions tested",
                "Configuration validation functions ready for fetchngs! \ud83d\ude80",
                "==========================================",
                "Pipeline complete! \ud83d\udc4b",
                "~~~~~~~~~~~~~~~~~~~~~~~~~~~~~~~~~~~~~~~~~~~~~~~~~~~~~~~~~~~~~~~~~~~~~~~~~~~~~~",
                "    There is a problem with your Conda configuration!",
                "    You will need to set-up the [CONTAINER]-forge and bio[CONTAINER] channels correctly.",
                "    Please refer to https://bio[CONTAINER].github.io/",
                "    The observed channel order is",
                "    [defaults]",
                "    but the following channel order is required:",
                "    [[CONTAINER]-forge, bio[CONTAINER]]",
                "~~~~~~~~~~~~~~~~~~~~~~~~~~~~~~~~~~~~~~~~~~~~~~~~~~~~~~~~~~~~~~~~~~~~~~~~~~~~~~~~~~~",
                "~~~~~~~~~~~~~~~~~~~~~~~~~~~~~~~~~~~~~~~~~~~~~~~~~~~~~~~~~~~~~~~~~~~~~~~~~~~~~~",
                "    There is a problem with your Conda configuration!",
                "    You will need to set-up the [CONTAINER]-forge and bio[CONTAINER] channels correctly.",
                "    Please refer to https://bio[CONTAINER].github.io/",
                "    The observed channel order is",
                "    [defaults]",
                "    but the following channel order is required:",
                "    [[CONTAINER]-forge, bio[CONTAINER]]",
                "~~~~~~~~~~~~~~~~~~~~~~~~~~~~~~~~~~~~~~~~~~~~~~~~~~~~~~~~~~~~~~~~~~~~~~~~~~~~~~~~~~~",
                "WARN: Graphviz is required to render the execution DAG in the given format -- See http://www.graphviz.org for more info.",
                "WARN: Null arguments case: null"
            ]
        ],
        "meta": {
            "nf-test": "0.9.2",
            "nextflow": "25.04.6"
        },
        "timestamp": "2025-09-08T18:31:43.739912276"
    }
}