{
    "Notification system": {
        "content": [
            [
                "N E X T F L O W  ~  version [VERSION]",
                "Launching `[PATH]/notification-system/../notification-system/main.nf` [RUN_NAME] DSL2 - revision: [REVISION]",
                "Pipeline is starting! \ud83d\ude80",
                "==========================================",
                "Notification System Validation Test",
                "==========================================",
                "Testing notification functions import and availability...",
                "\u2705 completionEmail function available: true",
                "\u2705 completionSummary function available: true",
                "\u2705 imNotification function available: true",
                "Notification functions imported successfully",
                "Pipeline execution complete - notification functions will be tested in completion handlers",
                "Pipeline complete! \ud83d\udc4b",
                "===========================================",
                "Testing notification functions in completion handler",
                "===========================================",
                "=== Testing completionSummary() function ===",
                "\u2705 completionSummary(colored) completed successfully",
                "\u2705 completionSummary(monochrome) completed successfully",
                "=== Testing completionEmail() function ===",
                "=== Testing imNotification() function ===",
                "===========================================",
                "Notification System Validation Results",
                "===========================================",
                "\u2705 completionSummary() - Pipeline completion logging tested",
                "\u2705 completionEmail() - Email notification functionality tested",
                "\u2705 imNotification() - Instant messenger integration tested",
                "Notification system functions tested successfully! \ud83d\ude80",
                "===========================================",
                "Pipeline complete! \ud83d\udc4b",
                "WARN: completionEmail test: null",
                "WARN: imNotification test: null"
            ]
        ],
        "meta": {
            "nf-test": "0.9.2",
            "nextflow": "25.04.6"
        },
        "timestamp": "2025-09-08T17:39:55.802603907"
    }
}