{
    "Notification system": {
        "content": [
            [
                "N E X T F L O W  ~  version [VERSION]",
                "Launching `[PATH]/notification-system/./main.nf` [RUN_NAME] - revision: [REVISION]",
                "Notification System Validation Test",
                "Testing notification functions import and availability...",
                "\u2705 completionEmail function available: true",
                "\u2705 completionSummary function available: true",
                "\u2705 imNotification function available: true",
                "Notification functions imported successfully",
                "Pipeline execution complete - notification functions will be tested in completion handlers",
                "Testing notification functions in completion handler",
                "=== Testing completionSummary() function ===",
                "\u2705 completionSummary(colored) completed successfully",
                "\u2705 completionSummary(monochrome) completed successfully",
                "=== Testing completionEmail() function ===",
                "\u2705 completionEmail exercised",
                "=== Testing imNotification() function ===",
                "\u2705 imNotification exercised",
                "Notification System Validation Results",
                "\u2705 completionSummary() - Pipeline completion logging tested",
                "\u2705 completionEmail() - Email notification functionality tested",
                "\u2705 imNotification() - Instant messenger integration tested",
                "Notification system functions tested successfully! \ud83d\ude80"
            ]
        ],
        "timestamp": "2026-05-22T12:33:54.880159",
        "meta": {
            "nf-test": "0.9.5",
            "nextflow": "25.10.3"
        }
    }
}