{
    "Notification system": {
        "content": [
            [
                "N E X T F L O W  ~  version [VERSION]",
                "Launching `[PATH]/notification-system/./main.nf` [RUN_NAME] DSL2 - revision: [REVISION]",
                "Pipeline is starting! \ud83d\ude80",
                "==========================================",
                "nf-utils Plugin Integration Test",
                "==========================================",
                "Testing sayHello function...",
                "Hello, nf-utils integration test!",
                "Testing getWorkflowVersion function...",
                "Workflow version: ",
                "Testing checkCondaChannels function...",
                "Conda channels check: true",
                "Testing version processing...",
                "Version report generated successfully",
                "Testing citation processing...",
                "Testing mixed version sources...",
                "Mixed versions processed successfully",
                "Testing completion summary...",
                "==========================================",
                "All integration tests completed!",
                "==========================================",
                "Pipeline complete! \ud83d\udc4b"
            ]
        ],
        "meta": {
            "nf-test": "0.9.3",
            "nextflow": "25.10.0"
        },
        "timestamp": "2025-10-29T10:14:38.604561038"
    }
}