{
    "version_generation_success": {
        "content": [
            true,
            0
        ],
        "meta": {
            "nf-test": "0.9.2",
            "nextflow": "25.04.6"
        },
        "timestamp": "2025-08-22T11:58:49.375548"
    },
    "version_utilities_success": {
        "content": [
            [
                "Pipeline is starting! \ud83d\ude80",
                "Pipeline complete! \ud83d\udc4b"
            ],
            0,
            true
        ],
        "meta": {
            "nf-test": "0.9.2",
            "nextflow": "25.04.6"
        },
        "timestamp": "2025-08-22T11:58:42.887962"
    },
    "version_processing_complete": {
        "content": [
            true,
            0
        ],
        "meta": {
            "nf-test": "0.9.2",
            "nextflow": "25.04.6"
        },
        "timestamp": "2025-08-22T11:58:46.219695"
    }
}