{
    "Should handle version generation without errors": {
        "content": [
            true,
            0
        ],
        "meta": {
            "nf-test": "0.9.2",
            "nextflow": "25.04.6"
        },
        "timestamp": "2025-09-01T18:17:13.821046508"
    },
    "Should process version files and generate output": {
        "content": [
            true,
            0
        ],
        "meta": {
            "nf-test": "0.9.2",
            "nextflow": "25.04.6"
        },
        "timestamp": "2025-09-01T18:17:08.741198316"
    },
    "Should migrate version utilities successfully": {
        "content": [
            0,
            true
        ],
        "meta": {
            "nf-test": "0.9.2",
            "nextflow": "25.04.6"
        },
        "timestamp": "2025-09-01T18:24:20.298134947"
    }
}