{
    "Citations reflect only the tools that ran": {
        "content": [
            "Tools used in the workflow included: fastqc (0.12.1, Andrews 2010), multiqc (1.21, doi: 10.1093/bioinformatics/btw354), samtools (1.21, Danecek et al. 2021).",
            "<li>Andrews S. 2010. fastqc. doi: 10.1093/bioinformatics/btw354. <a href='https://www.bioinformatics.babraham.ac.uk/projects/fastqc/'>https://www.bioinformatics.babraham.ac.uk/projects/fastqc/</a></li> <li>multiqc. doi: 10.1093/bioinformatics/btw354. <a href='https://multiqc.info/'>https://multiqc.info/</a></li> <li>Danecek P, Bonfield JK, Liddle J, et al.. 2021. samtools. doi: 10.1093/bioinformatics/btp352. <a href='http://www.htslib.org/'>http://www.htslib.org/</a></li>"
        ],
        "timestamp": "2026-06-16T07:16:59.380415",
        "meta": {
            "nf-test": "0.9.5",
            "nextflow": "25.10.3"
        }
    }
}